Traceback (most recent call last):
  File "C:\Users\param\OneDrive\Desktop\aaptos\sentinel-ai\backend\debug_import.py", line 2, in <module>
    from aptos_sdk.client import RestClient
ModuleNotFoundError: No module named 'aptos_sdk.client'
